Accounting
Accounting Principles
Accounting Standards
Accounting Techniques
Analytical
Analyzing Data
Auditing
Averaging
Budgeting
Business Analytics
Calculations
Cash Flow Management
Communication
Compliance
Concentration
Cost Analysis
Cost Reduction
Data Analysis
Data Processing
Dexterity
Decision Making
Economize
Estate Planning
Estimation
Financial Advising
Financial Analysis
Financial Concepts
Financial Data
Financial Engineering
Financial Management
Financial Modeling
Financial Planning
Financial Reporting
Financial Systems
Forecasting
GAAP
General Ledger
Taxation
Tax Filing
Tax Planning
Tax Reporting
Trial Balance
Wealth Management
Working with Numbers
Using Analysis on Financial Scenarios
Valuations
fiscal impact Analysis
Fiscal Impact Analysis
fiscal impact analyses
Value Added Analysis
Budgeting
budgeting
Tax Analysis
Tax Compliance
Tax Filing
Tax Law
Tax Liabilities
Tax Reporting
Tax Returns
Tax Software
Technology
Numerical Competence
Organization
Payroll Liabilities
Payroll Taxes
Peachtree
Personal Tax
Petty Cash
Platinum
Prepaid Income/Expenses
Regulatory Filings
Revenue Projections
Revenue Recognition
Financial Analysis
Financial Reporting
Financial Software
Financial Statements
Financial Statement Analysis
Fixed Assets
Forecasts
Forecasting
Full Charge Bookkeeping
Full Cycle Month-End Close
Full Cycle Year-end Close
P&L
p&l
economic development
ECONOMIC DEVELOPMENT
Economic development
Economic Development
Expansion strategy
forecasting
developing successful parternerships

