Experience
experience
demonstrated
Demonstrated
Ability
ability
Must have
Should have
Should be
should have
should be
comfortable
very strong
Be able
Has an
has an
has a
Has a
You have
you have
You are
you are
Develop
develop
skills
Skilled
skilled
Proven
proven
Core competencies
Possess
possess
Able
Knowledge
Excellent
Proficient
Strong
strong
be able
able
competent
track record
Lead
lead
Familiar
familiar
Familiarity
Extraordinary
Work closely
Serve as
identify
Builds
Manages
Work with
Oversee
Leads
Identifies
Supports
Develops
Analyzes
Monitors
Performs
Proficiency with
Proficiency
proficiency with
Manage
Promote
Work
promote
manage
manages
Provide
Evaluate
Establish
Support
support
requires
Requires
Required
required
Passionate
Thinks
Create
Design
management
Implement
maintain
emphasis
Drive
managed
passionate
focused
Grow
Assist
Negotiated
Providing
involves
Communicate
Oversees
knowledge
Establishes
Coordinates
Conducts
Issues
Processes
Assists
assists
Understands
ensures
Provides
provides
provide
implements
Implements
Implemented
Designed
Developed
designed
developed
part of
understanding
Responsible
Acts as
responsible
act
Serves as
serves
served
Participates
participates
Prepare
prepare
Monitor
Supporting 
execute
Comfortable
Ensures
collaborates
Collaborates
Identify
Represent
