Strategic planning
Performance optimization     
New business development
business development
new business development
Corporate administration
corporate administration
World class organization
Crisis management
crisis management
Organizational leadership
organizational leadership
Profitability improvement
Multi-site operations
Joint ventures & alliances
Consensus building & teaming
Decision-making
decision making
Decision making
Best practices & benchmarking
Account Management
account management
Bidding
Client Acquisition
Client Retention
Management
Marketing
Project Management
Public Relations
Supervising
Territory Management
Lead
lead
led
Led
developing successful partnerships
developed successful partnerships
Developing successful partnerships
Developed successful partnerships
successful partnerships
organizational skills
Organizational skills
program implementation
benefit realization
Manage relationships
manage relationships
recruiting
Recruiting
Planning
planning
Monitoring
appraising
Appraising
client engagement
team leadership
business development
wining proposals
business management
Staff development
Hiring
hiring
Firing
firing
performance management
Consultant management
operations


