Content Marketing
content marketing
CONTENT MARKETING
Content Management System
CMS
CONTENT MANAGEMENT SYSTEM
CRM
Customer Relationship Management(CRM)
Mobile Marketing
mobile marketing
Email Marketing
email marketing
Social Media Marketing
social media marketing
Video Production
Brand Management
User Interface design
UX design
Graphic Design
graphic design
Digital Marketing
Digital marketing
DIGITAL MARKETING
Video
marketing
MARKETING
Marketing
content development
CONTENT DEVELOPMENT
Brand development
identity development
Identity development
Brand and identity development
Creative conceptualization
promotions
Promotions
advertising
packaging
creative skills
digital content
marketing strategy
Marketing Strategy
MARKETING STRATEGY
INFLUENCER MARKETING
Influencer marketing
influencer marketing
B2B marketing
brand launch
strategic marketing
Strategic Marketing
STRATEGIC MARKETING
inbound marketing
digital media
DIGITAL MEDIA
INBOUND MARKETING
Inbound Marketing
sales oriented staffing
Sales Oriented Staffing
Recruiter
recruited
Recruiting
RECRUTING
investor relations
Investor Relations
Product Management
product management
capital development
scalable business model
staffing
Staffing
Agile Product Management
Agile Software Development
agile product management
digital content marketing
Digital content Marketing
leadership
Leadership
LEADER
MANAGER
manage
Manager
Manage
Sales
web sales
WEB SALES
Web Sales
Collaborate
marketing
information technology
finance
merchandising
executive management
branding
co-marketing
brand licensing
organizational performance
communication skills
teamwork
leadership
mentorship
relationship
planning
designing
project management
Project Management
prepare budgets
budgets
project cost analysis
cost analysis
Project cost analysis
budget estimates
operational supervision
management
supervised
B2B
communications/PR activities
content marketing plan
coaching
training
technical product knowledge
virtual training strategies
Led project teams
Led Project Teams
Trained Recruits
Upheld public order
Trained recruits
Field Training
expansion of enterprise
supply chain management
data analysis
expansion
data and analysis
Managed
Managed a team
Managed a Team
sales leader
Sales Leader
mentored
Mentored
mentor
Mentor
business 
engineering
inventory quality control
operational functions
recruiting
