SME
Subject Matter Expert
subject matter expert
subject matter expertise
presentation
Presentation
negotiation
Negotiation
time management
customer service
tech savvy
generating sales
excellent product knowledge
merchandising
housekeeping
inventory
process transaction through POS terminal
promoting
detail-oriented
exceed store, individual sales and performance goals
comply with store security, safety and loss prevention guidelines
time management
team player
excellent verbal, written communication skills
interpersonal skills
maximize business opportunities
problem solving
passion
enthusiasm
energy
cashier experience
communication skills
math
communication
Account Management
Business Development
Channel Management
C-Level Presentations
Competitive Analysis
Consultative Selling
Contract Negotiation
Cross-Selling / Up-Selling
Customer Retention
Deal Negotiation and Closing
Lead Management
Market Research
Market Analysis
Marketing Management
Post Sales Support
Product Development
Product Lifecycle Management
Prospect Qualifying
Prospecting / Cold Calling
Relationship Management
RFP
RFI
Bid Preparation
Sales / Marketing Strategizing
Sales Cycle Management
Sales Forecasting / Budgeting
Sales Management
Strategic Alliance Development
Territory Management
Budget / P&L
Business Development
Category Management
Channel Sales
Competitive Analysis
Consultative Sales
Contract Management
Contract Negotiations
CRM
Customer Service
Deal Structuring
Direct Sales
Distributor Management
Field Sales
Fortune 100 Sales
Fulfillment
Hunter
Inside Sales
Interactive Presentations
Key Performance Indicators
Line Extension
Margin Improvement
Merchandising
Multichannel Sales
Needs Assessment
Performance Management
Post Sales Support
Pricing
Product Launch
Product Management
Product Positioning
Profit Margin
Prospecting
Resource Management
Retail Sales
Sales Analysis
Sales Forecasting
Sales Leadership
Sales Presentations
Sales Solutions
Sales Training
Territory Management
Trend Analysis
Value Added Reseller
Vendor Management
Brand Management
Achieving Results
Closing
Cold Calling
Consultations
Contracts
Customer Satisfaction
Customer Service
Delivering Goods
Demonstrating Products
Directing Customers
Displaying Samples
Estimating
Forecasting
Goal Setting
Identifying Target Audience
Inventory
Lead Generation
Maximizing Sales
Microsoft Office
Monetary Exchange
Negotiation
Networking
Order Processing
Persuasion
Planning Meetings
Pitching Products
Presentations
Proposals
Pricing
Profitability
Proposals
Quotas
Recordkeeping
Relationship Building
Reporting
Researching Targets
Results
Servicing Goods
Strategy
Value
customer-focused
client-focused
customer relations
client relations
customer needs
consultative
consultative sales
competitor
competition
competitive
competitive analysis
Customer Relationship Management
CRM
customer service
close
closer
contract
contract negotiation
contract management
communicate
communication
communications
communication skills
cold-calling
convey complex information
negotiate
negotiation
negotiation skills
needs
needs assessment
new business development
Negotiations
